
> memory_lane@0.1.0 test:run
> vitest run


[1m[46m RUN [49m[22m [36mv4.0.17 [39m[90m/home/danny/src/memory_lane[39m

 [32m✓[39m src/components/editor/__tests__/EntryGrid.test.tsx [2m([22m[2m33 tests[22m[2m)[22m[33m 860[2mms[22m[39m
[90mstderr[2m | src/components/editor/__tests__/EntryEditor.test.tsx[2m > [22m[2mEntryEditor[2m > [22m[2mAutosave behavior[2m > [22m[2mdoes not call onEntryUpdated if the save fetch throws
[22m[39mFailed to save: Error: network
    at [90m/home/danny/src/memory_lane/[39msrc/components/editor/__tests__/EntryEditor.test.tsx:461:39
    at [90mfile:///home/danny/src/memory_lane/[39mnode_modules/[4m@vitest/runner[24m/dist/index.js:145:11
    at [90mfile:///home/danny/src/memory_lane/[39mnode_modules/[4m@vitest/runner[24m/dist/index.js:915:26
    at [90mfile:///home/danny/src/memory_lane/[39mnode_modules/[4m@vitest/runner[24m/dist/index.js:1243:20
    at new Promise (<anonymous>)
    at runWithTimeout [90m(file:///home/danny/src/memory_lane/[39mnode_modules/[4m@vitest/runner[24m/dist/index.js:1209:10[90m)[39m
    at [90mfile:///home/danny/src/memory_lane/[39mnode_modules/[4m@vitest/runner[24m/dist/index.js:1653:37
    at Traces.$ [90m(file:///home/danny/src/memory_lane/[39mnode_modules/[4mvitest[24m/dist/chunks/traces.CCmnQaNT.js:142:27[90m)[39m
    at trace [90m(file:///home/danny/src/memory_lane/[39mnode_modules/[4mvitest[24m/dist/chunks/test.B8ej_ZHS.js:239:21[90m)[39m
    at runTest [90m(file:///home/danny/src/memory_lane/[39mnode_modules/[4m@vitest/runner[24m/dist/index.js:1653:12[90m)[39m

 [32m✓[39m src/components/editor/__tests__/EntryEditor.test.tsx [2m([22m[2m51 tests[22m[2m)[22m[33m 631[2mms[22m[39m
 [32m✓[39m src/lib/auth/__tests__/password.test.ts [2m([22m[2m5 tests[22m[2m)[22m[33m 462[2mms[22m[39m
 [32m✓[39m src/app/edit/__tests__/layout.test.tsx [2m([22m[2m6 tests[22m[2m)[22m[32m 149[2mms[22m[39m
 [32m✓[39m src/components/editor/__tests__/StageSection.test.tsx [2m([22m[2m12 tests[22m[2m)[22m[32m 131[2mms[22m[39m
 [32m✓[39m src/components/ui/__tests__/SegmentedControl.test.tsx [2m([22m[2m4 tests[22m[2m)[22m[32m 137[2mms[22m[39m
 [32m✓[39m src/components/ui/__tests__/Modal.test.tsx [2m([22m[2m3 tests[22m[2m)[22m[32m 110[2mms[22m[39m
 [32m✓[39m src/__tests__/middleware.test.ts [2m([22m[2m16 tests[22m[2m)[22m[32m 25[2mms[22m[39m
 [32m✓[39m src/lib/dropbox/__tests__/files.test.ts [2m([22m[2m20 tests[22m[2m)[22m[32m 23[2mms[22m[39m
[90mstderr[2m | src/app/api/edit/narration/[id]/__tests__/route.test.ts[2m > [22m[2mPOST /api/edit/narration/[id][2m > [22m[2mreturns 500 on upload error
[22m[39mNarration upload failed: Error: Dropbox API error
    at [90m/home/danny/src/memory_lane/[39msrc/app/api/edit/narration/[id]/__tests__/route.test.ts:120:43
    at [90mfile:///home/danny/src/memory_lane/[39mnode_modules/[4m@vitest/runner[24m/dist/index.js:145:11
    at [90mfile:///home/danny/src/memory_lane/[39mnode_modules/[4m@vitest/runner[24m/dist/index.js:915:26
    at [90mfile:///home/danny/src/memory_lane/[39mnode_modules/[4m@vitest/runner[24m/dist/index.js:1243:20
    at new Promise (<anonymous>)
    at runWithTimeout [90m(file:///home/danny/src/memory_lane/[39mnode_modules/[4m@vitest/runner[24m/dist/index.js:1209:10[90m)[39m
    at [90mfile:///home/danny/src/memory_lane/[39mnode_modules/[4m@vitest/runner[24m/dist/index.js:1653:37
    at Traces.$ [90m(file:///home/danny/src/memory_lane/[39mnode_modules/[4mvitest[24m/dist/chunks/traces.CCmnQaNT.js:142:27[90m)[39m
    at trace [90m(file:///home/danny/src/memory_lane/[39mnode_modules/[4mvitest[24m/dist/chunks/test.B8ej_ZHS.js:239:21[90m)[39m
    at runTest [90m(file:///home/danny/src/memory_lane/[39mnode_modules/[4m@vitest/runner[24m/dist/index.js:1653:12[90m)[39m

[90mstderr[2m | src/app/api/edit/narration/[id]/__tests__/route.test.ts[2m > [22m[2mDELETE /api/edit/narration/[id][2m > [22m[2mreturns 500 on delete error
[22m[39mNarration delete failed: Error: Dropbox API error
    at [90m/home/danny/src/memory_lane/[39msrc/app/api/edit/narration/[id]/__tests__/route.test.ts:214:43
    at [90mfile:///home/danny/src/memory_lane/[39mnode_modules/[4m@vitest/runner[24m/dist/index.js:145:11
    at [90mfile:///home/danny/src/memory_lane/[39mnode_modules/[4m@vitest/runner[24m/dist/index.js:915:26
    at [90mfile:///home/danny/src/memory_lane/[39mnode_modules/[4m@vitest/runner[24m/dist/index.js:1243:20
    at new Promise (<anonymous>)
    at runWithTimeout [90m(file:///home/danny/src/memory_lane/[39mnode_modules/[4m@vitest/runner[24m/dist/index.js:1209:10[90m)[39m
    at [90mfile:///home/danny/src/memory_lane/[39mnode_modules/[4m@vitest/runner[24m/dist/index.js:1653:37
    at Traces.$ [90m(file:///home/danny/src/memory_lane/[39mnode_modules/[4mvitest[24m/dist/chunks/traces.CCmnQaNT.js:142:27[90m)[39m
    at trace [90m(file:///home/danny/src/memory_lane/[39mnode_modules/[4mvitest[24m/dist/chunks/test.B8ej_ZHS.js:239:21[90m)[39m
    at runTest [90m(file:///home/danny/src/memory_lane/[39mnode_modules/[4m@vitest/runner[24m/dist/index.js:1653:12[90m)[39m

 [32m✓[39m src/app/api/edit/narration/[id]/__tests__/route.test.ts [2m([22m[2m8 tests[22m[2m)[22m[32m 20[2mms[22m[39m
[90mstderr[2m | src/app/api/auth/login/__tests__/route.test.ts[2m > [22m[2mPOST /api/auth/login[2m > [22m[2mserver configuration[2m > [22m[2mreturns 500 when AUTH_PASSWORD_HASH is not configured
[22m[39mAuth not configured

[90mstderr[2m | src/app/api/auth/login/__tests__/route.test.ts[2m > [22m[2mPOST /api/auth/login[2m > [22m[2mserver configuration[2m > [22m[2mreturns 500 when TOTP_SECRET is not configured
[22m[39mAuth not configured

[90mstderr[2m | src/app/api/auth/login/__tests__/route.test.ts[2m > [22m[2mPOST /api/auth/login[2m > [22m[2mauthentication[2m > [22m[2mreturns 401 when password is invalid
[22m[39mLogin failed: invalid password (TOTP was correct)

[90mstderr[2m | src/app/api/auth/login/__tests__/route.test.ts[2m > [22m[2mPOST /api/auth/login[2m > [22m[2mauthentication[2m > [22m[2mreturns 401 when TOTP is invalid
[22m[39mLogin failed: invalid TOTP (password was correct)

[90mstderr[2m | src/app/api/auth/login/__tests__/route.test.ts[2m > [22m[2mPOST /api/auth/login[2m > [22m[2mauthentication[2m > [22m[2mreturns 401 when both password and TOTP are invalid
[22m[39mLogin failed: invalid password and TOTP

[90mstderr[2m | src/app/api/auth/login/__tests__/route.test.ts[2m > [22m[2mPOST /api/auth/login[2m > [22m[2merror handling[2m > [22m[2mreturns 500 when an unexpected error occurs during JSON parsing
[22m[39mLogin error: SyntaxError: Unexpected token 'i', "invalid json" is not valid JSON
    at JSON.parse (<anonymous>)
[90m    at parseJSONFromBytes (node:internal/deps/undici/undici:4259:19)[39m
[90m    at successSteps (node:internal/deps/undici/undici:6882:27)[39m
[90m    at readAllBytes (node:internal/deps/undici/undici:5807:13)[39m
[90m    at processTicksAndRejections (node:internal/process/task_queues:103:5)[39m

[90mstderr[2m | src/app/api/auth/login/__tests__/route.test.ts[2m > [22m[2mPOST /api/auth/login[2m > [22m[2merror handling[2m > [22m[2mreturns 500 when createSession throws an error
[22m[39mLogin error: Error: Session creation failed
    at [90m/home/danny/src/memory_lane/[39msrc/app/api/auth/login/__tests__/route.test.ts:203:43
    at [90mfile:///home/danny/src/memory_lane/[39mnode_modules/[4m@vitest/runner[24m/dist/index.js:145:11
    at [90mfile:///home/danny/src/memory_lane/[39mnode_modules/[4m@vitest/runner[24m/dist/index.js:915:26
    at [90mfile:///home/danny/src/memory_lane/[39mnode_modules/[4m@vitest/runner[24m/dist/index.js:1243:20
    at new Promise (<anonymous>)
    at runWithTimeout [90m(file:///home/danny/src/memory_lane/[39mnode_modules/[4m@vitest/runner[24m/dist/index.js:1209:10[90m)[39m
    at [90mfile:///home/danny/src/memory_lane/[39mnode_modules/[4m@vitest/runner[24m/dist/index.js:1653:37
    at Traces.$ [90m(file:///home/danny/src/memory_lane/[39mnode_modules/[4mvitest[24m/dist/chunks/traces.CCmnQaNT.js:142:27[90m)[39m
    at trace [90m(file:///home/danny/src/memory_lane/[39mnode_modules/[4mvitest[24m/dist/chunks/test.B8ej_ZHS.js:239:21[90m)[39m
    at runTest [90m(file:///home/danny/src/memory_lane/[39mnode_modules/[4m@vitest/runner[24m/dist/index.js:1653:12[90m)[39m

[90mstderr[2m | src/app/api/auth/login/__tests__/route.test.ts[2m > [22m[2mPOST /api/auth/login[2m > [22m[2merror handling[2m > [22m[2mreturns 500 when setSessionCookie throws an error
[22m[39mLogin error: Error: Cookie error
    at [90m/home/danny/src/memory_lane/[39msrc/app/api/auth/login/__tests__/route.test.ts:218:46
    at [90mfile:///home/danny/src/memory_lane/[39mnode_modules/[4m@vitest/runner[24m/dist/index.js:145:11
    at [90mfile:///home/danny/src/memory_lane/[39mnode_modules/[4m@vitest/runner[24m/dist/index.js:915:26
    at [90mfile:///home/danny/src/memory_lane/[39mnode_modules/[4m@vitest/runner[24m/dist/index.js:1243:20
    at new Promise (<anonymous>)
    at runWithTimeout [90m(file:///home/danny/src/memory_lane/[39mnode_modules/[4m@vitest/runner[24m/dist/index.js:1209:10[90m)[39m
    at [90mfile:///home/danny/src/memory_lane/[39mnode_modules/[4m@vitest/runner[24m/dist/index.js:1653:37
    at Traces.$ [90m(file:///home/danny/src/memory_lane/[39mnode_modules/[4mvitest[24m/dist/chunks/traces.CCmnQaNT.js:142:27[90m)[39m
    at trace [90m(file:///home/danny/src/memory_lane/[39mnode_modules/[4mvitest[24m/dist/chunks/test.B8ej_ZHS.js:239:21[90m)[39m
    at runTest [90m(file:///home/danny/src/memory_lane/[39mnode_modules/[4m@vitest/runner[24m/dist/index.js:1653:12[90m)[39m

 [32m✓[39m src/app/api/auth/login/__tests__/route.test.ts [2m([22m[2m13 tests[22m[2m)[22m[32m 21[2mms[22m[39m
[90mstderr[2m | src/app/api/edit/entries/[id]/__tests__/route.test.ts[2m > [22m[2mGET /api/edit/entries/[id][2m > [22m[2mreturns 500 on error
[22m[39mFailed to fetch entry: Error: Database error
    at [90m/home/danny/src/memory_lane/[39msrc/app/api/edit/entries/[id]/__tests__/route.test.ts:68:13
    at Mock [90m(file:///home/danny/src/memory_lane/[39mnode_modules/[4m@vitest/spy[24m/dist/index.js:285:34[90m)[39m
    at Module.GET [90m(/home/danny/src/memory_lane/[39msrc/app/api/edit/entries/[id]/route.ts:10:19[90m)[39m
[90m    at processTicksAndRejections (node:internal/process/task_queues:103:5)[39m
    at [90m/home/danny/src/memory_lane/[39msrc/app/api/edit/entries/[id]/__tests__/route.test.ts:72:22
    at [90mfile:///home/danny/src/memory_lane/[39mnode_modules/[4m@vitest/runner[24m/dist/index.js:915:20

[90mstderr[2m | src/app/api/edit/entries/[id]/__tests__/route.test.ts[2m > [22m[2mPUT /api/edit/entries/[id][2m > [22m[2mreturns 500 on error
[22m[39mFailed to update entry: Error: Database error
    at [90m/home/danny/src/memory_lane/[39msrc/app/api/edit/entries/[id]/__tests__/route.test.ts:263:13
    at Mock [90m(file:///home/danny/src/memory_lane/[39mnode_modules/[4m@vitest/spy[24m/dist/index.js:285:34[90m)[39m
    at Module.PUT [90m(/home/danny/src/memory_lane/[39msrc/app/api/edit/entries/[id]/route.ts:37:19[90m)[39m
[90m    at processTicksAndRejections (node:internal/process/task_queues:103:5)[39m
    at [90m/home/danny/src/memory_lane/[39msrc/app/api/edit/entries/[id]/__tests__/route.test.ts:267:22
    at [90mfile:///home/danny/src/memory_lane/[39mnode_modules/[4m@vitest/runner[24m/dist/index.js:915:20

 [32m✓[39m src/app/api/edit/entries/[id]/__tests__/route.test.ts [2m([22m[2m11 tests[22m[2m)[22m[32m 18[2mms[22m[39m
[90mstderr[2m | src/app/api/entries/__tests__/route.test.ts[2m > [22m[2mGET /api/entries[2m > [22m[2mreturns 500 on database error
[22m[39mFailed to fetch entries: Error: Database connection failed
    at [90m/home/danny/src/memory_lane/[39msrc/app/api/entries/__tests__/route.test.ts:72:13
    at Mock [90m(file:///home/danny/src/memory_lane/[39mnode_modules/[4m@vitest/spy[24m/dist/index.js:285:34[90m)[39m
    at Module.GET [90m(/home/danny/src/memory_lane/[39msrc/app/api/entries/route.ts:6:21[90m)[39m
    at [90m/home/danny/src/memory_lane/[39msrc/app/api/entries/__tests__/route.test.ts:75:28
    at [90mfile:///home/danny/src/memory_lane/[39mnode_modules/[4m@vitest/runner[24m/dist/index.js:145:11
    at [90mfile:///home/danny/src/memory_lane/[39mnode_modules/[4m@vitest/runner[24m/dist/index.js:915:26
    at [90mfile:///home/danny/src/memory_lane/[39mnode_modules/[4m@vitest/runner[24m/dist/index.js:1243:20
    at new Promise (<anonymous>)
    at runWithTimeout [90m(file:///home/danny/src/memory_lane/[39mnode_modules/[4m@vitest/runner[24m/dist/index.js:1209:10[90m)[39m
    at [90mfile:///home/danny/src/memory_lane/[39mnode_modules/[4m@vitest/runner[24m/dist/index.js:1653:37

[90mstderr[2m | src/app/api/entries/__tests__/route.test.ts[2m > [22m[2mGET /api/entries/[id][2m > [22m[2mreturns 500 on error
[22m[39mFailed to fetch entry: Error: Database error
    at [90m/home/danny/src/memory_lane/[39msrc/app/api/entries/__tests__/route.test.ts:152:13
    at Mock [90m(file:///home/danny/src/memory_lane/[39mnode_modules/[4m@vitest/spy[24m/dist/index.js:285:34[90m)[39m
    at Module.GET [90m(/home/danny/src/memory_lane/[39msrc/app/api/entries/[id]/route.ts:10:19[90m)[39m
[90m    at processTicksAndRejections (node:internal/process/task_queues:103:5)[39m
    at [90m/home/danny/src/memory_lane/[39msrc/app/api/entries/__tests__/route.test.ts:156:22
    at [90mfile:///home/danny/src/memory_lane/[39mnode_modules/[4m@vitest/runner[24m/dist/index.js:915:20

 [32m✓[39m src/app/api/entries/__tests__/route.test.ts [2m([22m[2m7 tests[22m[2m)[22m[32m 14[2mms[22m[39m
 [32m✓[39m src/lib/auth/__tests__/session.test.ts [2m([22m[2m7 tests[22m[2m)[22m[32m 13[2mms[22m[39m
[90mstderr[2m | src/app/api/edit/entries/reorder/__tests__/route.test.ts[2m > [22m[2mPUT /api/edit/entries/reorder[2m > [22m[2mreturns 500 on error
[22m[39mReorder failed: Error: Database error
    at [90m/home/danny/src/memory_lane/[39msrc/app/api/edit/entries/reorder/__tests__/route.test.ts:130:13
    at Mock [90m(file:///home/danny/src/memory_lane/[39mnode_modules/[4m@vitest/spy[24m/dist/index.js:285:34[90m)[39m
    at Module.PUT [90m(/home/danny/src/memory_lane/[39msrc/app/api/edit/entries/reorder/route.ts:15:5[90m)[39m
[90m    at processTicksAndRejections (node:internal/process/task_queues:103:5)[39m
    at [90m/home/danny/src/memory_lane/[39msrc/app/api/edit/entries/reorder/__tests__/route.test.ts:134:22
    at [90mfile:///home/danny/src/memory_lane/[39mnode_modules/[4m@vitest/runner[24m/dist/index.js:915:20

 [32m✓[39m src/app/api/edit/entries/reorder/__tests__/route.test.ts [2m([22m[2m6 tests[22m[2m)[22m[32m 12[2mms[22m[39m
[90mstderr[2m | src/app/api/edit/transcribe/[id]/__tests__/route.test.ts[2m > [22m[2mPOST /api/edit/transcribe/[id][2m > [22m[2mreturns 500 on error
[22m[39mTranscription failed: Error: Gemini API error
    at [90m/home/danny/src/memory_lane/[39msrc/app/api/edit/transcribe/[id]/__tests__/route.test.ts:118:43
    at [90mfile:///home/danny/src/memory_lane/[39mnode_modules/[4m@vitest/runner[24m/dist/index.js:145:11
    at [90mfile:///home/danny/src/memory_lane/[39mnode_modules/[4m@vitest/runner[24m/dist/index.js:915:26
    at [90mfile:///home/danny/src/memory_lane/[39mnode_modules/[4m@vitest/runner[24m/dist/index.js:1243:20
    at new Promise (<anonymous>)
    at runWithTimeout [90m(file:///home/danny/src/memory_lane/[39mnode_modules/[4m@vitest/runner[24m/dist/index.js:1209:10[90m)[39m
    at [90mfile:///home/danny/src/memory_lane/[39mnode_modules/[4m@vitest/runner[24m/dist/index.js:1653:37
    at Traces.$ [90m(file:///home/danny/src/memory_lane/[39mnode_modules/[4mvitest[24m/dist/chunks/traces.CCmnQaNT.js:142:27[90m)[39m
    at trace [90m(file:///home/danny/src/memory_lane/[39mnode_modules/[4mvitest[24m/dist/chunks/test.B8ej_ZHS.js:239:21[90m)[39m
    at runTest [90m(file:///home/danny/src/memory_lane/[39mnode_modules/[4m@vitest/runner[24m/dist/index.js:1653:12[90m)[39m

 [32m✓[39m src/app/api/edit/transcribe/[id]/__tests__/route.test.ts [2m([22m[2m5 tests[22m[2m)[22m[32m 11[2mms[22m[39m
[90mstderr[2m | src/app/api/edit/settings/__tests__/route.test.ts[2m > [22m[2mGET /api/edit/settings[2m > [22m[2mreturns 500 on error
[22m[39mFailed to fetch settings: Error: Database connection failed
    at [90m/home/danny/src/memory_lane/[39msrc/app/api/edit/settings/__tests__/route.test.ts:41:13
    at Mock [90m(file:///home/danny/src/memory_lane/[39mnode_modules/[4m@vitest/spy[24m/dist/index.js:285:34[90m)[39m
    at Module.GET [90m(/home/danny/src/memory_lane/[39msrc/app/api/edit/settings/route.ts:6:22[90m)[39m
    at [90m/home/danny/src/memory_lane/[39msrc/app/api/edit/settings/__tests__/route.test.ts:44:28
    at [90mfile:///home/danny/src/memory_lane/[39mnode_modules/[4m@vitest/runner[24m/dist/index.js:145:11
    at [90mfile:///home/danny/src/memory_lane/[39mnode_modules/[4m@vitest/runner[24m/dist/index.js:915:26
    at [90mfile:///home/danny/src/memory_lane/[39mnode_modules/[4m@vitest/runner[24m/dist/index.js:1243:20
    at new Promise (<anonymous>)
    at runWithTimeout [90m(file:///home/danny/src/memory_lane/[39mnode_modules/[4m@vitest/runner[24m/dist/index.js:1209:10[90m)[39m
    at [90mfile:///home/danny/src/memory_lane/[39mnode_modules/[4m@vitest/runner[24m/dist/index.js:1653:37

[90mstderr[2m | src/app/api/edit/settings/__tests__/route.test.ts[2m > [22m[2mPUT /api/edit/settings[2m > [22m[2mreturns 500 on error
[22m[39mFailed to update settings: Error: Database error
    at [90m/home/danny/src/memory_lane/[39msrc/app/api/edit/settings/__tests__/route.test.ts:102:13
    at Mock [90m(file:///home/danny/src/memory_lane/[39mnode_modules/[4m@vitest/spy[24m/dist/index.js:285:34[90m)[39m
    at Module.PUT [90m(/home/danny/src/memory_lane/[39msrc/app/api/edit/settings/route.ts:20:5[90m)[39m
[90m    at processTicksAndRejections (node:internal/process/task_queues:103:5)[39m
    at [90m/home/danny/src/memory_lane/[39msrc/app/api/edit/settings/__tests__/route.test.ts:106:22
    at [90mfile:///home/danny/src/memory_lane/[39mnode_modules/[4m@vitest/runner[24m/dist/index.js:915:20

 [32m✓[39m src/app/api/edit/settings/__tests__/route.test.ts [2m([22m[2m5 tests[22m[2m)[22m[32m 13[2mms[22m[39m
[90mstderr[2m | src/app/api/narration/[id]/__tests__/route.test.ts[2m > [22m[2mGET /api/narration/[id][2m > [22m[2mreturns 500 on unexpected error
[22m[39mFailed to get narration link: Error: Database error
    at [90m/home/danny/src/memory_lane/[39msrc/app/api/narration/[id]/__tests__/route.test.ts:146:13
    at Mock [90m(file:///home/danny/src/memory_lane/[39mnode_modules/[4m@vitest/spy[24m/dist/index.js:285:34[90m)[39m
    at Module.GET [90m(/home/danny/src/memory_lane/[39msrc/app/api/narration/[id]/route.ts:11:19[90m)[39m
[90m    at processTicksAndRejections (node:internal/process/task_queues:103:5)[39m
    at [90m/home/danny/src/memory_lane/[39msrc/app/api/narration/[id]/__tests__/route.test.ts:150:22
    at [90mfile:///home/danny/src/memory_lane/[39mnode_modules/[4m@vitest/runner[24m/dist/index.js:915:20

 [32m✓[39m src/app/api/narration/[id]/__tests__/route.test.ts [2m([22m[2m6 tests[22m[2m)[22m[32m 12[2mms[22m[39m
 [32m✓[39m src/lib/dropbox/__tests__/client.test.ts [2m([22m[2m9 tests[22m[2m)[22m[32m 24[2mms[22m[39m
[90mstderr[2m | src/app/api/media/[id]/__tests__/route.test.ts[2m > [22m[2mGET /api/media/[id][2m > [22m[2mreturns 500 on error
[22m[39mFailed to get media link: Error: Dropbox API error
    at [90m/home/danny/src/memory_lane/[39msrc/app/api/media/[id]/__tests__/route.test.ts:107:44
    at [90mfile:///home/danny/src/memory_lane/[39mnode_modules/[4m@vitest/runner[24m/dist/index.js:145:11
    at [90mfile:///home/danny/src/memory_lane/[39mnode_modules/[4m@vitest/runner[24m/dist/index.js:915:26
    at [90mfile:///home/danny/src/memory_lane/[39mnode_modules/[4m@vitest/runner[24m/dist/index.js:1243:20
    at new Promise (<anonymous>)
    at runWithTimeout [90m(file:///home/danny/src/memory_lane/[39mnode_modules/[4m@vitest/runner[24m/dist/index.js:1209:10[90m)[39m
    at [90mfile:///home/danny/src/memory_lane/[39mnode_modules/[4m@vitest/runner[24m/dist/index.js:1653:37
    at Traces.$ [90m(file:///home/danny/src/memory_lane/[39mnode_modules/[4mvitest[24m/dist/chunks/traces.CCmnQaNT.js:142:27[90m)[39m
    at trace [90m(file:///home/danny/src/memory_lane/[39mnode_modules/[4mvitest[24m/dist/chunks/test.B8ej_ZHS.js:239:21[90m)[39m
    at runTest [90m(file:///home/danny/src/memory_lane/[39mnode_modules/[4m@vitest/runner[24m/dist/index.js:1653:12[90m)[39m

 [32m✓[39m src/app/api/media/[id]/__tests__/route.test.ts [2m([22m[2m4 tests[22m[2m)[22m[32m 11[2mms[22m[39m
 [32m✓[39m src/lib/entries/__tests__/repository.test.ts [2m([22m[2m33 tests[22m[2m)[22m[32m 12[2mms[22m[39m
 [32m✓[39m src/lib/entries/__tests__/sync.test.ts [2m([22m[2m10 tests[22m[2m)[22m[32m 7[2mms[22m[39m
[90mstderr[2m | src/app/api/settings/__tests__/route.test.ts[2m > [22m[2mGET /api/settings/viewer[2m > [22m[2mreturns 500 on error
[22m[39mFailed to fetch settings: Error: Database connection failed
    at [90m/home/danny/src/memory_lane/[39msrc/app/api/settings/__tests__/route.test.ts:52:13
    at Mock [90m(file:///home/danny/src/memory_lane/[39mnode_modules/[4m@vitest/spy[24m/dist/index.js:285:34[90m)[39m
    at Module.GET [90m(/home/danny/src/memory_lane/[39msrc/app/api/settings/viewer/route.ts:6:22[90m)[39m
    at [90m/home/danny/src/memory_lane/[39msrc/app/api/settings/__tests__/route.test.ts:55:28
    at [90mfile:///home/danny/src/memory_lane/[39mnode_modules/[4m@vitest/runner[24m/dist/index.js:145:11
    at [90mfile:///home/danny/src/memory_lane/[39mnode_modules/[4m@vitest/runner[24m/dist/index.js:915:26
    at [90mfile:///home/danny/src/memory_lane/[39mnode_modules/[4m@vitest/runner[24m/dist/index.js:1243:20
    at new Promise (<anonymous>)
    at runWithTimeout [90m(file:///home/danny/src/memory_lane/[39mnode_modules/[4m@vitest/runner[24m/dist/index.js:1209:10[90m)[39m
    at [90mfile:///home/danny/src/memory_lane/[39mnode_modules/[4m@vitest/runner[24m/dist/index.js:1653:37

 [32m✓[39m src/app/api/settings/__tests__/route.test.ts [2m([22m[2m3 tests[22m[2m)[22m[32m 9[2mms[22m[39m
[90mstderr[2m | src/app/api/edit/entries/__tests__/route.test.ts[2m > [22m[2mGET /api/edit/entries[2m > [22m[2mreturns 500 on database error
[22m[39mFailed to fetch entries: Error: Database connection failed
    at [90m/home/danny/src/memory_lane/[39msrc/app/api/edit/entries/__tests__/route.test.ts:79:13
    at Mock [90m(file:///home/danny/src/memory_lane/[39mnode_modules/[4m@vitest/spy[24m/dist/index.js:285:34[90m)[39m
    at Module.GET [90m(/home/danny/src/memory_lane/[39msrc/app/api/edit/entries/route.ts:6:21[90m)[39m
    at [90m/home/danny/src/memory_lane/[39msrc/app/api/edit/entries/__tests__/route.test.ts:82:28
    at [90mfile:///home/danny/src/memory_lane/[39mnode_modules/[4m@vitest/runner[24m/dist/index.js:145:11
    at [90mfile:///home/danny/src/memory_lane/[39mnode_modules/[4m@vitest/runner[24m/dist/index.js:915:26
    at [90mfile:///home/danny/src/memory_lane/[39mnode_modules/[4m@vitest/runner[24m/dist/index.js:1243:20
    at new Promise (<anonymous>)
    at runWithTimeout [90m(file:///home/danny/src/memory_lane/[39mnode_modules/[4m@vitest/runner[24m/dist/index.js:1209:10[90m)[39m
    at [90mfile:///home/danny/src/memory_lane/[39mnode_modules/[4m@vitest/runner[24m/dist/index.js:1653:37

 [32m✓[39m src/app/api/edit/entries/__tests__/route.test.ts [2m([22m[2m3 tests[22m[2m)[22m[32m 8[2mms[22m[39m
 [32m✓[39m src/lib/auth/__tests__/totp.test.ts [2m([22m[2m7 tests[22m[2m)[22m[32m 5[2mms[22m[39m
[90mstderr[2m | src/app/api/edit/entries/sync/__tests__/route.test.ts[2m > [22m[2mPOST /api/edit/entries/sync[2m > [22m[2mreturns 500 on error
[22m[39mSync failed: {}

 [32m✓[39m src/app/api/edit/entries/sync/__tests__/route.test.ts [2m([22m[2m3 tests[22m[2m)[22m[32m 8[2mms[22m[39m
 [32m✓[39m src/lib/settings/__tests__/index.test.ts [2m([22m[2m15 tests[22m[2m)[22m[32m 5[2mms[22m[39m
 [32m✓[39m src/app/api/auth/logout/__tests__/route.test.ts [2m([22m[2m2 tests[22m[2m)[22m[32m 4[2mms[22m[39m
 [32m✓[39m src/lib/transcription/__tests__/index.test.ts [2m([22m[2m2 tests[22m[2m)[22m[32m 4[2mms[22m[39m
 [32m✓[39m src/types/__tests__/index.test.ts [2m([22m[2m15 tests[22m[2m)[22m[32m 5[2mms[22m[39m

[2m Test Files [22m [1m[32m30 passed[39m[22m[90m (30)[39m
[2m      Tests [22m [1m[32m324 passed[39m[22m[90m (324)[39m
[2m   Start at [22m 19:08:38
[2m   Duration [22m 9.31s[2m (transform 547ms, setup 0ms, import 1.93s, tests 2.76s, environment 2.10s)[22m

